// Jest Snapshot v1, https://goo.gl/fbAQLP

exports[`BaseDivider.vue - Single classes renders the component 1`] = `
<hr
  class=""
/>
`;
