// Jest Snapshot v1, https://goo.gl/fbAQLP

exports[`BaseAside.vue - Single classes renders the component 1`] = `
<aside
  class=""
  id="aside"
>
  
  Hello World
  
</aside>
`;
