// Jest Snapshot v1, https://goo.gl/fbAQLP

exports[`BaseFormGroup.vue renders the component 1`] = `
<div
  class=""
>
  
  <div
    class=""
  >
    
    <div
      class=""
    >
      
      
      <label
        class=""
      >
        
        Hello World
        
      </label>
      
      
    </div>
    <div
      class=""
    >
      
      
      
      Hello Content
      
      
      
    </div>
    <div
      class=""
    >
      
      
      <span
        class=""
      >
        
        
        Hello Error
        
        
      </span>
      
      
    </div>
    
  </div>
  
</div>
`;
