// Jest Snapshot v1, https://goo.gl/fbAQLP

exports[`BasePagination.vue renders the component 1`] = `
<nav
  class=""
  firstpage="1"
>
  <div
    class=""
  >
    
    <div
      class=""
    >
      
      
      <a
        aria-label="Previous page"
        backdrop="circle"
        class=""
        href="/browse?page=2"
        icon="ArrowCenter"
        rotate="90"
      >
        <svg
          aria-label="Previous page"
          class=""
          href="/browse?page=2"
          viewBox="0 0 24 24"
          xmlns="http://www.w3.org/2000/svg"
        >
          <path
            d="M4 11.6l8 8 8-8-1.4-1.3-5.6 5.6V4.5h-2v11.4l-5.5-5.6L4 11.6z"
          />
        </svg>
      </a>
      <ul
        class="from-tablet"
      >
        
        
        <li
          class=""
        >
          <div
            class=""
          >
            
            <a
              class=""
              href="/browse?page=1"
            >
              1
            </a>
            
          </div>
        </li>
        <li
          class=""
        >
          <div
            class=""
          >
            
            <a
              class=""
              href="/browse?page=2"
            >
              2
            </a>
            
          </div>
        </li>
        <li
          class=""
        >
          <div
            class=""
          >
            
            <div
              class=""
              href="/browse?page=3"
            >
              3
            </div>
            
          </div>
        </li>
        <li
          class=""
        >
          <div
            class=""
          >
            
            <a
              class=""
              href="/browse?page=4"
            >
              4
            </a>
            
          </div>
        </li>
        <li
          class=""
        >
          <div
            class=""
          >
            
            <a
              class=""
              href="/browse?page=5"
            >
              5
            </a>
            
          </div>
        </li>
        <li
          class=""
        >
          <div
            class=""
          >
            
            <a
              class=""
              href="/browse?page=6"
            >
              6
            </a>
            
          </div>
        </li>
        <li
          class=""
        >
          <div
            class=""
          >
            
            <span
              class=""
            >
              
              ...
              
            </span>
            
          </div>
        </li>
        <li
          class=""
        >
          <div
            class=""
          >
            
            <a
              class=""
              href="/browse?page=30"
            >
              30
            </a>
            
          </div>
        </li>
        
        
      </ul>
      <span
        class="until-tablet"
      >
        
         Page 3 of 30
        
      </span>
      <a
        aria-label="Next page"
        backdrop="circle"
        class=""
        href="/browse?page=4"
        icon="ArrowCenter"
        rotate="270"
      >
        <svg
          aria-label="Next page"
          class=""
          href="/browse?page=4"
          viewBox="0 0 24 24"
          xmlns="http://www.w3.org/2000/svg"
        >
          <path
            d="M4 11.6l8 8 8-8-1.4-1.3-5.6 5.6V4.5h-2v11.4l-5.5-5.6L4 11.6z"
          />
        </svg>
      </a>
      
      
    </div>
    <div
      class="until-tablet"
    >
      
      
      <div
        class=""
      >
        
        <div
          class=""
        >
          
          <div
            class=""
          >
            
            
            <label
              class=""
              for="pagination"
            >
              
              Jump to
              
            </label>
            
            
          </div>
          <div
            class=""
          >
            
            
            
            <select
              class=""
              id="pagination"
              name="pagination"
            >
              
              
              <option
                value="1"
              >
                1
              </option>
              <option
                value="2"
              >
                2
              </option>
              <option
                value="3"
              >
                3
              </option>
              <option
                value="4"
              >
                4
              </option>
              <option
                value="5"
              >
                5
              </option>
              <option
                value="6"
              >
                6
              </option>
              <option
                value="7"
              >
                7
              </option>
              <option
                value="8"
              >
                8
              </option>
              <option
                value="9"
              >
                9
              </option>
              <option
                value="10"
              >
                10
              </option>
              <option
                value="11"
              >
                11
              </option>
              <option
                value="12"
              >
                12
              </option>
              <option
                value="13"
              >
                13
              </option>
              <option
                value="14"
              >
                14
              </option>
              <option
                value="15"
              >
                15
              </option>
              <option
                value="16"
              >
                16
              </option>
              <option
                value="17"
              >
                17
              </option>
              <option
                value="18"
              >
                18
              </option>
              <option
                value="19"
              >
                19
              </option>
              <option
                value="20"
              >
                20
              </option>
              <option
                value="21"
              >
                21
              </option>
              <option
                value="22"
              >
                22
              </option>
              <option
                value="23"
              >
                23
              </option>
              <option
                value="24"
              >
                24
              </option>
              <option
                value="25"
              >
                25
              </option>
              <option
                value="26"
              >
                26
              </option>
              <option
                value="27"
              >
                27
              </option>
              <option
                value="28"
              >
                28
              </option>
              <option
                value="29"
              >
                29
              </option>
              <option
                value="30"
              >
                30
              </option>
              
              
            </select>
            
            
            
          </div>
          <!--v-if-->
          
        </div>
        
      </div>
      
      
    </div>
    
  </div>
</nav>
`;
