// Jest Snapshot v1, https://goo.gl/fbAQLP

exports[`BaseFormLabel.vue renders the component 1`] = `
<a
  class=""
  href="undefined?page=2"
  tag="a"
>
  2
</a>
`;
