// Jest Snapshot v1, https://goo.gl/fbAQLP

exports[`BaseFlex.vue renders the component 1`] = `
<div
  class=""
>
  
  Hello world
  
</div>
`;
