// Jest Snapshot v1, https://goo.gl/fbAQLP

exports[`BaseColumn.vue - Breakpoint classes renders the component 1`] = `
<div
  class=""
>
  
  
</div>
`;

exports[`BaseColumn.vue - Single classes renders the component 1`] = `
<div
  class=""
>
  
  
</div>
`;
