// Jest Snapshot v1, https://goo.gl/fbAQLP

exports[`BaseContainer.vue - Single classes renders the component 1`] = `
<div
  class=""
>
  
  Hello World
  
</div>
`;
